test_audio_only_preparation_allows_voice_but_does_not_invent_a_portrait (test_audio.AudioReviewTest.test_audio_only_preparation_allows_voice_but_does_not_invent_a_portrait) ... ok
test_energy_measurements_do_not_claim_speech_understanding (test_audio.AudioReviewTest.test_energy_measurements_do_not_claim_speech_understanding) ... ok
test_near_fullscale_segments_are_not_selected_as_reference (test_audio.AudioReviewTest.test_near_fullscale_segments_are_not_selected_as_reference) ... ok
test_processing_keeps_original_and_unfiltered_reference (test_audio.AudioReviewTest.test_processing_keeps_original_and_unfiltered_reference) ... ok
test_silence_is_not_a_voice_candidate_or_emotional_signal (test_audio.AudioReviewTest.test_silence_is_not_a_voice_candidate_or_emotional_signal) ... ok
test_active_installation_is_not_disturbed (test_install_model.ModelInstallationTest.test_active_installation_is_not_disturbed) ... ok
test_corrupt_download_never_becomes_installed (test_install_model.ModelInstallationTest.test_corrupt_download_never_becomes_installed) ... ok
test_different_release_and_symlink_are_not_overwritten (test_install_model.ModelInstallationTest.test_different_release_and_symlink_are_not_overwritten) ... ok
test_interrupted_download_is_resumable_without_false_completion (test_install_model.ModelInstallationTest.test_interrupted_download_is_resumable_without_false_completion) ... ok
test_verified_installation_reuses_files_without_network (test_install_model.ModelInstallationTest.test_verified_installation_reuses_files_without_network) ... ok
test_portuguese_preserves_encoder_without_initializing_downloaders (test_portuguese_tokenizer.PortugueseTokenizerTest.test_portuguese_preserves_encoder_without_initializing_downloaders) ... ok
test_changed_script_is_rejected_before_synthesis (test_studio.LocalStudioTest.test_changed_script_is_rejected_before_synthesis) ... ok
test_corrupt_model_and_untracked_optional_weights_fail_closed (test_studio.LocalStudioTest.test_corrupt_model_and_untracked_optional_weights_fail_closed) ... ok
test_duplicate_narration_and_concurrent_job_are_refused (test_studio.LocalStudioTest.test_duplicate_narration_and_concurrent_job_are_refused) ... ok
test_failed_render_keeps_narration_and_does_not_claim_completion (test_studio.LocalStudioTest.test_failed_render_keeps_narration_and_does_not_claim_completion) ... ok
test_invalid_reference_range_does_not_create_a_ready_job (test_studio.LocalStudioTest.test_invalid_reference_range_does_not_create_a_ready_job) ... ok
test_long_script_is_not_silently_truncated (test_studio.LocalStudioTest.test_long_script_is_not_silently_truncated) ... ok
test_network_audit_policy_refuses_remote_generation (test_studio.LocalStudioTest.test_network_audit_policy_refuses_remote_generation) ... ok
test_paths_and_symlinks_cannot_escape_the_job (test_studio.LocalStudioTest.test_paths_and_symlinks_cannot_escape_the_job) ... ok
test_personal_voice_requires_content_request_and_never_accepts_dialogue (test_studio.LocalStudioTest.test_personal_voice_requires_content_request_and_never_accepts_dialogue) ... ok
test_real_preparation_preserves_original_and_private_reference (test_studio.LocalStudioTest.test_real_preparation_preserves_original_and_private_reference) ... ok
test_real_video_contains_audio_vertical_frame_and_truthful_state (test_studio.LocalStudioTest.test_real_video_contains_audio_vertical_frame_and_truthful_state) ... ok
test_reference_audio_is_never_presented_as_new_narration (test_studio.LocalStudioTest.test_reference_audio_is_never_presented_as_new_narration) ... ok
test_rejected_voice_cannot_be_used_even_in_existing_video_preview (test_studio.LocalStudioTest.test_rejected_voice_cannot_be_used_even_in_existing_video_preview) ... ok
test_synthesis_contract_and_failed_attempt_preserve_state (test_studio.LocalStudioTest.test_synthesis_contract_and_failed_attempt_preserve_state) ... ok

----------------------------------------------------------------------
Ran 25 tests in 34.242s

OK
